// Jest Snapshot v1, https://goo.gl/fbAQLP

exports[`Component: Catalog should render correctly 1`] = `<div />`;
